// Jest Snapshot v1, https://goo.gl/fbAQLP

exports[`asset component renders 1`] = `
ShallowWrapper {
  "length": 1,
  Symbol(enzyme.__root__): [Circular],
  Symbol(enzyme.__unrendered__): <Asset
    addDraggableItem={[MockFunction]}
    index={0}
    isSelectedItem={true}
    item={Object {}}
    placeItem={[MockFunction]}
    removeItem={[MockFunction]}
  />,
  Symbol(enzyme.__renderer__): Object {
    "batchedUpdates": [Function],
    "getNode": [Function],
    "render": [Function],
    "simulateEvent": [Function],
    "unmount": [Function],
  },
  Symbol(enzyme.__node__): Object {
    "instance": null,
    "key": undefined,
    "nodeType": "host",
    "props": Object {
      "children": Array [
        <h2 />,
        <p>
          <span
            className="info"
          >
            undefined 
          </span>
          <span
            className="info"
          />
        </p>,
        <button
          className="remove-asset"
          onClick={[Function]}
        >
          x
        </button>,
      ],
      "className": "asset type-undefined",
      "draggable": true,
      "onClick": [Function],
      "onDragStart": [Function],
    },
    "ref": null,
    "rendered": Array [
      Object {
        "instance": null,
        "key": undefined,
        "nodeType": "host",
        "props": Object {
          "children": undefined,
        },
        "ref": null,
        "rendered": null,
        "type": "h2",
      },
      Object {
        "instance": null,
        "key": undefined,
        "nodeType": "host",
        "props": Object {
          "children": Array [
            <span
              className="info"
            >
              undefined 
            </span>,
            <span
              className="info"
            />,
          ],
        },
        "ref": null,
        "rendered": Array [
          Object {
            "instance": null,
            "key": undefined,
            "nodeType": "host",
            "props": Object {
              "children": Array [
                "undefined ",
                undefined,
              ],
              "className": "info",
            },
            "ref": null,
            "rendered": Array [
              "undefined ",
              undefined,
            ],
            "type": "span",
          },
          Object {
            "instance": null,
            "key": undefined,
            "nodeType": "host",
            "props": Object {
              "children": undefined,
              "className": "info",
            },
            "ref": null,
            "rendered": null,
            "type": "span",
          },
        ],
        "type": "p",
      },
      Object {
        "instance": null,
        "key": undefined,
        "nodeType": "host",
        "props": Object {
          "children": "x",
          "className": "remove-asset",
          "onClick": [Function],
        },
        "ref": null,
        "rendered": "x",
        "type": "button",
      },
    ],
    "type": "li",
  },
  Symbol(enzyme.__nodes__): Array [
    Object {
      "instance": null,
      "key": undefined,
      "nodeType": "host",
      "props": Object {
        "children": Array [
          <h2 />,
          <p>
            <span
              className="info"
            >
              undefined 
            </span>
            <span
              className="info"
            />
          </p>,
          <button
            className="remove-asset"
            onClick={[Function]}
          >
            x
          </button>,
        ],
        "className": "asset type-undefined",
        "draggable": true,
        "onClick": [Function],
        "onDragStart": [Function],
      },
      "ref": null,
      "rendered": Array [
        Object {
          "instance": null,
          "key": undefined,
          "nodeType": "host",
          "props": Object {
            "children": undefined,
          },
          "ref": null,
          "rendered": null,
          "type": "h2",
        },
        Object {
          "instance": null,
          "key": undefined,
          "nodeType": "host",
          "props": Object {
            "children": Array [
              <span
                className="info"
              >
                undefined 
              </span>,
              <span
                className="info"
              />,
            ],
          },
          "ref": null,
          "rendered": Array [
            Object {
              "instance": null,
              "key": undefined,
              "nodeType": "host",
              "props": Object {
                "children": Array [
                  "undefined ",
                  undefined,
                ],
                "className": "info",
              },
              "ref": null,
              "rendered": Array [
                "undefined ",
                undefined,
              ],
              "type": "span",
            },
            Object {
              "instance": null,
              "key": undefined,
              "nodeType": "host",
              "props": Object {
                "children": undefined,
                "className": "info",
              },
              "ref": null,
              "rendered": null,
              "type": "span",
            },
          ],
          "type": "p",
        },
        Object {
          "instance": null,
          "key": undefined,
          "nodeType": "host",
          "props": Object {
            "children": "x",
            "className": "remove-asset",
            "onClick": [Function],
          },
          "ref": null,
          "rendered": "x",
          "type": "button",
        },
      ],
      "type": "li",
    },
  ],
  Symbol(enzyme.__options__): Object {
    "adapter": ReactSixteenAdapter {
      "options": Object {
        "enableComponentDidUpdateOnSetState": true,
      },
    },
  },
}
`;
